KEYWORD {'multi': None, 'funcname': 'PySide2.QtCore.QAbstractItemModel.changePersistentIndex', 'arglist': 'from:PySide2.QtCore.QModelIndex,to:PySide2.QtCore.QModelIndex', 'returntype': None}
KEYWORD {'multi': None, 'funcname': 'PySide2.QtCore.QAbstractItemModel.changePersistentIndexList', 'arglist': 'from:QModelIndexList,to:QModelIndexList', 'returntype': None}
KEYWORD {'multi': None, 'funcname': 'PySide2.QtCore.QByteArray.indexOf', 'arglist': 'a:PySide2.QtCore.QByteArray,from:int=0', 'returntype': 'int'}
KEYWORD {'multi': None, 'funcname': 'PySide2.QtCore.QByteArray.lastIndexOf', 'arglist': 'a:PySide2.QtCore.QByteArray,from:int=-1', 'returntype': 'int'}
KEYWORD {'multi': '1', 'funcname': 'PySide2.QtCore.QByteArrayMatcher.indexIn', 'arglist': 'ba:PySide2.QtCore.QByteArray,from:int=0', 'returntype': 'int'}
KEYWORD {'multi': '0', 'funcname': 'PySide2.QtCore.QByteArrayMatcher.indexIn', 'arglist': 'str:str,len:int,from:int=0', 'returntype': 'int'}
KEYWORD {'multi': None, 'funcname': 'PySide2.QtCore.QItemSelection.indexOf', 'arglist': 't:PySide2.QtCore.QItemSelectionRange,from:int=0', 'returntype': 'int'}
KEYWORD {'multi': None, 'funcname': 'PySide2.QtCore.QItemSelection.lastIndexOf', 'arglist': 't:PySide2.QtCore.QItemSelectionRange,from:int=-1', 'returntype': 'int'}
KEYWORD {'multi': None, 'funcname': 'PySide2.QtCore.QItemSelection.move', 'arglist': 'from:int,to:int', 'returntype': None}
KEYWORD {'multi': None, 'funcname': 'PySide2.QtCore.QTextCodec.convertToUnicode', 'arglist': 'in:str,length:int,state:PySide2.QtCore.QTextCodec.ConverterState', 'returntype': 'QString'}
KEYWORD {'multi': '0', 'funcname': 'PySide2.QtCore.QTextCodec.toUnicode', 'arglist': 'in:str,length:int,state:PySide2.QtCore.QTextCodec.ConverterState=nullptr', 'returntype': 'QString'}
KEYWORD {'multi': None, 'funcname': 'PySide2.QtCore.QVariantAnimation.interpolated', 'arglist': 'from:QVariant,to:QVariant,progress:double', 'returntype': 'QVariant'}
KEYWORD {'multi': None, 'funcname': 'PySide2.QtCore.QXmlStreamAttributes.indexOf', 'arglist': 't:PySide2.QtCore.QXmlStreamAttribute,from:int=0', 'returntype': 'int'}
KEYWORD {'multi': None, 'funcname': 'PySide2.QtCore.QXmlStreamAttributes.lastIndexOf', 'arglist': 't:PySide2.QtCore.QXmlStreamAttribute,from:int=-1', 'returntype': 'int'}
KEYWORD {'multi': None, 'funcname': 'PySide2.QtCore.QXmlStreamAttributes.move', 'arglist': 'from:int,to:int', 'returntype': None}
KEYWORD {'multi': None, 'funcname': 'PySide2.QtGui.QAbstractTextDocumentLayout.documentChanged', 'arglist': 'from:int,charsRemoved:int,charsAdded:int', 'returntype': None}
KEYWORD {'multi': None, 'funcname': 'PySide2.QtGui.QIconEngine.read', 'arglist': 'in:PySide2.QtCore.QDataStream', 'returntype': 'bool'}
KEYWORD {'multi': None, 'funcname': 'PySide2.QtGui.QKeySequence.__lshift__', 'arglist': 'in:PySide2.QtCore.QDataStream', 'returntype': 'PySide2.QtCore.QDataStream'}
KEYWORD {'multi': None, 'funcname': 'PySide2.QtGui.QPolygon.indexOf', 'arglist': 't:PySide2.QtCore.QPoint,from:int=0', 'returntype': 'int'}
KEYWORD {'multi': None, 'funcname': 'PySide2.QtGui.QPolygon.lastIndexOf', 'arglist': 't:PySide2.QtCore.QPoint,from:int=-1', 'returntype': 'int'}
KEYWORD {'multi': None, 'funcname': 'PySide2.QtGui.QPolygon.move', 'arglist': 'from:int,to:int', 'returntype': None}
KEYWORD {'multi': None, 'funcname': 'PySide2.QtGui.QPolygonF.indexOf', 'arglist': 't:PySide2.QtCore.QPointF,from:int=0', 'returntype': 'int'}
KEYWORD {'multi': None, 'funcname': 'PySide2.QtGui.QPolygonF.lastIndexOf', 'arglist': 't:PySide2.QtCore.QPointF,from:int=-1', 'returntype': 'int'}
KEYWORD {'multi': None, 'funcname': 'PySide2.QtGui.QPolygonF.move', 'arglist': 'from:int,to:int', 'returntype': None}
KEYWORD {'multi': None, 'funcname': 'PySide2.QtGui.QQuaternion.rotationTo', 'arglist': 'from:PySide2.QtGui.QVector3D,to:PySide2.QtGui.QVector3D', 'returntype': 'PySide2.QtGui.QQuaternion'}
KEYWORD {'multi': None, 'funcname': 'PySide2.QtGui.QStandardItem.read', 'arglist': 'in:PySide2.QtCore.QDataStream', 'returntype': None}
KEYWORD {'multi': None, 'funcname': 'PySide2.QtGui.QStandardItem.__rshift__', 'arglist': 'in:PySide2.QtCore.QDataStream', 'returntype': 'PySide2.QtCore.QDataStream'}
KEYWORD {'multi': '4', 'funcname': 'PySide2.QtGui.QTextDocument.find', 'arglist': 'expr:PySide2.QtCore.QRegExp,from:int=0,options:PySide2.QtGui.QTextDocument.FindFlags=QTextDocument.FindFlags()', 'returntype': 'PySide2.QtGui.QTextCursor'}
KEYWORD {'multi': '2', 'funcname': 'PySide2.QtGui.QTextDocument.find', 'arglist': 'expr:PySide2.QtCore.QRegularExpression,from:int=0,options:PySide2.QtGui.QTextDocument.FindFlags=QTextDocument.FindFlags()', 'returntype': 'PySide2.QtGui.QTextCursor'}
KEYWORD {'multi': '0', 'funcname': 'PySide2.QtGui.QTextDocument.find', 'arglist': 'subString:QString,from:int=0,options:PySide2.QtGui.QTextDocument.FindFlags=QTextDocument.FindFlags()', 'returntype': 'PySide2.QtGui.QTextCursor'}
KEYWORD {'multi': None, 'funcname': 'PySide2.QtGui.QTextDocument.markContentsDirty', 'arglist': 'from:int,length:int', 'returntype': None}
KEYWORD {'multi': None, 'funcname': 'PySide2.QtWidgets.QHeaderView.moveSection', 'arglist': 'from:int,to:int', 'returntype': None}
KEYWORD {'multi': None, 'funcname': 'PySide2.QtWidgets.QLayout.replaceWidget', 'arglist': 'from:PySide2.QtWidgets.QWidget,to:PySide2.QtWidgets.QWidget,options:PySide2.QtCore.Qt.FindChildOptions=Qt.FindChildrenRecursively', 'returntype': 'PySide2.QtWidgets.QLayoutItem'}
KEYWORD {'multi': None, 'funcname': 'PySide2.QtWidgets.QListWidgetItem.read', 'arglist': 'in:PySide2.QtCore.QDataStream', 'returntype': None}
KEYWORD {'multi': None, 'funcname': 'PySide2.QtWidgets.QListWidgetItem.__rshift__', 'arglist': 'in:PySide2.QtCore.QDataStream', 'returntype': 'PySide2.QtCore.QDataStream'}
KEYWORD {'multi': None, 'funcname': 'PySide2.QtWidgets.QPlainTextDocumentLayout.documentChanged', 'arglist': 'from:int,arg__2:int,charsAdded:int', 'returntype': None}
KEYWORD {'multi': None, 'funcname': 'PySide2.QtWidgets.QTabBar.moveTab', 'arglist': 'from:int,to:int', 'returntype': None}
KEYWORD {'multi': None, 'funcname': 'PySide2.QtWidgets.QTableWidgetItem.read', 'arglist': 'in:PySide2.QtCore.QDataStream', 'returntype': None}
KEYWORD {'multi': None, 'funcname': 'PySide2.QtWidgets.QTableWidgetItem.__rshift__', 'arglist': 'in:PySide2.QtCore.QDataStream', 'returntype': 'PySide2.QtCore.QDataStream'}
KEYWORD {'multi': None, 'funcname': 'PySide2.QtWidgets.QTreeWidgetItem.read', 'arglist': 'in:PySide2.QtCore.QDataStream', 'returntype': None}
KEYWORD {'multi': None, 'funcname': 'PySide2.QtWidgets.QTreeWidgetItem.__rshift__', 'arglist': 'in:PySide2.QtCore.QDataStream', 'returntype': 'PySide2.QtCore.QDataStream'}
KEYWORD {'multi': None, 'funcname': 'PySide2.QtMultimedia.QAudio.convertVolume', 'arglist': 'volume:double,from:PySide2.QtMultimedia.QAudio.VolumeScale,to:PySide2.QtMultimedia.QAudio.VolumeScale', 'returntype': 'double'}
KEYWORD {'multi': None, 'funcname': 'PySide2.QtMultimedia.QMediaPlaylist.moveMedia', 'arglist': 'from:int,to:int', 'returntype': 'bool'}
